STRING()
SEMICOLON
STRING(abcdefghijklmnopqrstuvwxyzABCDEFGHIJKLMNOPQRSTUVWXYZ0123456789)
SEMICOLON
EOF
