BREAK
SEMICOLON
CASE
CHAN
CONST
CONTINUE
SEMICOLON
DEFAULT
DEFER
ELSE
FALLTHROUGH
SEMICOLON
FOR
FUNC
GO
GOTO
IF
IMPORT
INTERFACE
MAP
PACKAGE
RANGE
RETURN
SEMICOLON
SELECT
STRUCT
SWITCH
TYPE
VAR
EOF
